WiFi is up
WiFi is up
